// Jest Snapshot v1, https://goo.gl/fbAQLP

exports[`Admin Order component should render correctly 1`] = `
ShallowWrapper {
  Symbol(enzyme.__root__): [Circular],
  Symbol(enzyme.__unrendered__): <AdminOrders />,
  Symbol(enzyme.__renderer__): Object {
    "batchedUpdates": [Function],
    "getNode": [Function],
    "render": [Function],
    "simulateError": [Function],
    "simulateEvent": [Function],
    "unmount": [Function],
  },
  Symbol(enzyme.__node__): Object {
    "instance": null,
    "key": undefined,
    "nodeType": "host",
    "props": Object {
      "children": Array [
        <Navbar
          color="success"
          expand="md"
          light={true}
          tag="nav"
>
          <NavbarBrand
                    href="/"
                    tag="a"
          >
                    Book-A-Meal | Home 
          </NavbarBrand>
          <NavbarToggler
                    onClick={[Function]}
                    tag="button"
                    type="button"
          />
          <Collapse
                    appear={false}
                    enter={true}
                    exit={true}
                    in={false}
                    isOpen={false}
                    mountOnEnter={false}
                    navbar={true}
                    onEnter={[Function]}
                    onEntered={[Function]}
                    onEntering={[Function]}
                    onExit={[Function]}
                    onExited={[Function]}
                    onExiting={[Function]}
                    tag="div"
                    timeout={350}
                    unmountOnExit={false}
          >
                    <Nav
                              className="ml-auto"
                              navbar={true}
                              tag="ul"
                              vertical={false}
                    >
                              <NavLink
                                        activeStyle={
                                                  Object {
                                                            "backgroundColor": "white",
                                                            "color": "slategasy",
                                                          }
                                        }
                                        href="/getMeals"
                                        tag="a"
                              >
                                        Meals
                              </NavLink>
                              <NavLink
                                        activeStyle={
                                                  Object {
                                                            "backgroundColor": "white",
                                                            "color": "slategasy",
                                                          }
                                        }
                                        href="/adminMenu"
                                        tag="a"
                              >
                                        Menu
                              </NavLink>
                              <NavLink
                                        activeStyle={
                                                  Object {
                                                            "backgroundColor": "white",
                                                            "color": "slategasy",
                                                          }
                                        }
                                        href="/adminOrders"
                                        tag="a"
                              >
                                        Orders
                              </NavLink>
                              <NavLink
                                        activeStyle={
                                                  Object {
                                                            "backgroundColor": "white",
                                                            "color": "slategasy",
                                                          }
                                        }
                                        href="/adminlogin"
                                        tag="a"
                              >
                                        Logout
                              </NavLink>
                    </Nav>
          </Collapse>
</Navbar>,
        <div>
          <h2
                    class="text-white"
          >
                    No orders yet
          </h2>
</div>,
      ],
    },
    "ref": null,
    "rendered": Array [
      Object {
        "instance": null,
        "key": undefined,
        "nodeType": "function",
        "props": Object {
          "children": Array [
            <NavbarBrand
              href="/"
              tag="a"
>
              Book-A-Meal | Home 
</NavbarBrand>,
            <NavbarToggler
              onClick={[Function]}
              tag="button"
              type="button"
/>,
            <Collapse
              appear={false}
              enter={true}
              exit={true}
              in={false}
              isOpen={false}
              mountOnEnter={false}
              navbar={true}
              onEnter={[Function]}
              onEntered={[Function]}
              onEntering={[Function]}
              onExit={[Function]}
              onExited={[Function]}
              onExiting={[Function]}
              tag="div"
              timeout={350}
              unmountOnExit={false}
>
              <Nav
                            className="ml-auto"
                            navbar={true}
                            tag="ul"
                            vertical={false}
              >
                            <NavLink
                                          activeStyle={
                                                        Object {
                                                                      "backgroundColor": "white",
                                                                      "color": "slategasy",
                                                                    }
                                          }
                                          href="/getMeals"
                                          tag="a"
                            >
                                          Meals
                            </NavLink>
                            <NavLink
                                          activeStyle={
                                                        Object {
                                                                      "backgroundColor": "white",
                                                                      "color": "slategasy",
                                                                    }
                                          }
                                          href="/adminMenu"
                                          tag="a"
                            >
                                          Menu
                            </NavLink>
                            <NavLink
                                          activeStyle={
                                                        Object {
                                                                      "backgroundColor": "white",
                                                                      "color": "slategasy",
                                                                    }
                                          }
                                          href="/adminOrders"
                                          tag="a"
                            >
                                          Orders
                            </NavLink>
                            <NavLink
                                          activeStyle={
                                                        Object {
                                                                      "backgroundColor": "white",
                                                                      "color": "slategasy",
                                                                    }
                                          }
                                          href="/adminlogin"
                                          tag="a"
                            >
                                          Logout
                            </NavLink>
              </Nav>
</Collapse>,
          ],
          "color": "success",
          "expand": "md",
          "light": true,
          "tag": "nav",
        },
        "ref": null,
        "rendered": Array [
          Object {
            "instance": null,
            "key": undefined,
            "nodeType": "function",
            "props": Object {
              "children": "Book-A-Meal | Home ",
              "href": "/",
              "tag": "a",
            },
            "ref": null,
            "rendered": "Book-A-Meal | Home ",
            "type": [Function],
          },
          Object {
            "instance": null,
            "key": undefined,
            "nodeType": "function",
            "props": Object {
              "onClick": [Function],
              "tag": "button",
              "type": "button",
            },
            "ref": null,
            "rendered": null,
            "type": [Function],
          },
          Object {
            "instance": null,
            "key": undefined,
            "nodeType": "class",
            "props": Object {
              "appear": false,
              "children": <Nav
                className="ml-auto"
                navbar={true}
                tag="ul"
                vertical={false}
>
                <NavLink
                                activeStyle={
                                                Object {
                                                                "backgroundColor": "white",
                                                                "color": "slategasy",
                                                              }
                                }
                                href="/getMeals"
                                tag="a"
                >
                                Meals
                </NavLink>
                <NavLink
                                activeStyle={
                                                Object {
                                                                "backgroundColor": "white",
                                                                "color": "slategasy",
                                                              }
                                }
                                href="/adminMenu"
                                tag="a"
                >
                                Menu
                </NavLink>
                <NavLink
                                activeStyle={
                                                Object {
                                                                "backgroundColor": "white",
                                                                "color": "slategasy",
                                                              }
                                }
                                href="/adminOrders"
                                tag="a"
                >
                                Orders
                </NavLink>
                <NavLink
                                activeStyle={
                                                Object {
                                                                "backgroundColor": "white",
                                                                "color": "slategasy",
                                                              }
                                }
                                href="/adminlogin"
                                tag="a"
                >
                                Logout
                </NavLink>
</Nav>,
              "enter": true,
              "exit": true,
              "in": false,
              "isOpen": false,
              "mountOnEnter": false,
              "navbar": true,
              "onEnter": [Function],
              "onEntered": [Function],
              "onEntering": [Function],
              "onExit": [Function],
              "onExited": [Function],
              "onExiting": [Function],
              "tag": "div",
              "timeout": 350,
              "unmountOnExit": false,
            },
            "ref": null,
            "rendered": Object {
              "instance": null,
              "key": undefined,
              "nodeType": "function",
              "props": Object {
                "children": Array [
                  <NavLink
                    activeStyle={
                                        Object {
                                                            "backgroundColor": "white",
                                                            "color": "slategasy",
                                                          }
                    }
                    href="/getMeals"
                    tag="a"
>
                    Meals
</NavLink>,
                  <NavLink
                    activeStyle={
                                        Object {
                                                            "backgroundColor": "white",
                                                            "color": "slategasy",
                                                          }
                    }
                    href="/adminMenu"
                    tag="a"
>
                    Menu
</NavLink>,
                  <NavLink
                    activeStyle={
                                        Object {
                                                            "backgroundColor": "white",
                                                            "color": "slategasy",
                                                          }
                    }
                    href="/adminOrders"
                    tag="a"
>
                    Orders
</NavLink>,
                  <NavLink
                    activeStyle={
                                        Object {
                                                            "backgroundColor": "white",
                                                            "color": "slategasy",
                                                          }
                    }
                    href="/adminlogin"
                    tag="a"
>
                    Logout
</NavLink>,
                ],
                "className": "ml-auto",
                "navbar": true,
                "tag": "ul",
                "vertical": false,
              },
              "ref": null,
              "rendered": Array [
                Object {
                  "instance": null,
                  "key": undefined,
                  "nodeType": "class",
                  "props": Object {
                    "activeStyle": Object {
                      "backgroundColor": "white",
                      "color": "slategasy",
                    },
                    "children": "Meals",
                    "href": "/getMeals",
                    "tag": "a",
                  },
                  "ref": null,
                  "rendered": "Meals",
                  "type": [Function],
                },
                Object {
                  "instance": null,
                  "key": undefined,
                  "nodeType": "class",
                  "props": Object {
                    "activeStyle": Object {
                      "backgroundColor": "white",
                      "color": "slategasy",
                    },
                    "children": "Menu",
                    "href": "/adminMenu",
                    "tag": "a",
                  },
                  "ref": null,
                  "rendered": "Menu",
                  "type": [Function],
                },
                Object {
                  "instance": null,
                  "key": undefined,
                  "nodeType": "class",
                  "props": Object {
                    "activeStyle": Object {
                      "backgroundColor": "white",
                      "color": "slategasy",
                    },
                    "children": "Orders",
                    "href": "/adminOrders",
                    "tag": "a",
                  },
                  "ref": null,
                  "rendered": "Orders",
                  "type": [Function],
                },
                Object {
                  "instance": null,
                  "key": undefined,
                  "nodeType": "class",
                  "props": Object {
                    "activeStyle": Object {
                      "backgroundColor": "white",
                      "color": "slategasy",
                    },
                    "children": "Logout",
                    "href": "/adminlogin",
                    "tag": "a",
                  },
                  "ref": null,
                  "rendered": "Logout",
                  "type": [Function],
                },
              ],
              "type": [Function],
            },
            "type": [Function],
          },
        ],
        "type": [Function],
      },
      Object {
        "instance": null,
        "key": undefined,
        "nodeType": "host",
        "props": Object {
          "children": <h2
            class="text-white"
>
            No orders yet
</h2>,
        },
        "ref": null,
        "rendered": Object {
          "instance": null,
          "key": undefined,
          "nodeType": "host",
          "props": Object {
            "children": "No orders yet",
            "class": "text-white",
          },
          "ref": null,
          "rendered": "No orders yet",
          "type": "h2",
        },
        "type": "div",
      },
    ],
    "type": "div",
  },
  Symbol(enzyme.__nodes__): Array [
    Object {
      "instance": null,
      "key": undefined,
      "nodeType": "host",
      "props": Object {
        "children": Array [
          <Navbar
            color="success"
            expand="md"
            light={true}
            tag="nav"
>
            <NavbarBrand
                        href="/"
                        tag="a"
            >
                        Book-A-Meal | Home 
            </NavbarBrand>
            <NavbarToggler
                        onClick={[Function]}
                        tag="button"
                        type="button"
            />
            <Collapse
                        appear={false}
                        enter={true}
                        exit={true}
                        in={false}
                        isOpen={false}
                        mountOnEnter={false}
                        navbar={true}
                        onEnter={[Function]}
                        onEntered={[Function]}
                        onEntering={[Function]}
                        onExit={[Function]}
                        onExited={[Function]}
                        onExiting={[Function]}
                        tag="div"
                        timeout={350}
                        unmountOnExit={false}
            >
                        <Nav
                                    className="ml-auto"
                                    navbar={true}
                                    tag="ul"
                                    vertical={false}
                        >
                                    <NavLink
                                                activeStyle={
                                                            Object {
                                                                        "backgroundColor": "white",
                                                                        "color": "slategasy",
                                                                      }
                                                }
                                                href="/getMeals"
                                                tag="a"
                                    >
                                                Meals
                                    </NavLink>
                                    <NavLink
                                                activeStyle={
                                                            Object {
                                                                        "backgroundColor": "white",
                                                                        "color": "slategasy",
                                                                      }
                                                }
                                                href="/adminMenu"
                                                tag="a"
                                    >
                                                Menu
                                    </NavLink>
                                    <NavLink
                                                activeStyle={
                                                            Object {
                                                                        "backgroundColor": "white",
                                                                        "color": "slategasy",
                                                                      }
                                                }
                                                href="/adminOrders"
                                                tag="a"
                                    >
                                                Orders
                                    </NavLink>
                                    <NavLink
                                                activeStyle={
                                                            Object {
                                                                        "backgroundColor": "white",
                                                                        "color": "slategasy",
                                                                      }
                                                }
                                                href="/adminlogin"
                                                tag="a"
                                    >
                                                Logout
                                    </NavLink>
                        </Nav>
            </Collapse>
</Navbar>,
          <div>
            <h2
                        class="text-white"
            >
                        No orders yet
            </h2>
</div>,
        ],
      },
      "ref": null,
      "rendered": Array [
        Object {
          "instance": null,
          "key": undefined,
          "nodeType": "function",
          "props": Object {
            "children": Array [
              <NavbarBrand
                href="/"
                tag="a"
>
                Book-A-Meal | Home 
</NavbarBrand>,
              <NavbarToggler
                onClick={[Function]}
                tag="button"
                type="button"
/>,
              <Collapse
                appear={false}
                enter={true}
                exit={true}
                in={false}
                isOpen={false}
                mountOnEnter={false}
                navbar={true}
                onEnter={[Function]}
                onEntered={[Function]}
                onEntering={[Function]}
                onExit={[Function]}
                onExited={[Function]}
                onExiting={[Function]}
                tag="div"
                timeout={350}
                unmountOnExit={false}
>
                <Nav
                                className="ml-auto"
                                navbar={true}
                                tag="ul"
                                vertical={false}
                >
                                <NavLink
                                                activeStyle={
                                                                Object {
                                                                                "backgroundColor": "white",
                                                                                "color": "slategasy",
                                                                              }
                                                }
                                                href="/getMeals"
                                                tag="a"
                                >
                                                Meals
                                </NavLink>
                                <NavLink
                                                activeStyle={
                                                                Object {
                                                                                "backgroundColor": "white",
                                                                                "color": "slategasy",
                                                                              }
                                                }
                                                href="/adminMenu"
                                                tag="a"
                                >
                                                Menu
                                </NavLink>
                                <NavLink
                                                activeStyle={
                                                                Object {
                                                                                "backgroundColor": "white",
                                                                                "color": "slategasy",
                                                                              }
                                                }
                                                href="/adminOrders"
                                                tag="a"
                                >
                                                Orders
                                </NavLink>
                                <NavLink
                                                activeStyle={
                                                                Object {
                                                                                "backgroundColor": "white",
                                                                                "color": "slategasy",
                                                                              }
                                                }
                                                href="/adminlogin"
                                                tag="a"
                                >
                                                Logout
                                </NavLink>
                </Nav>
</Collapse>,
            ],
            "color": "success",
            "expand": "md",
            "light": true,
            "tag": "nav",
          },
          "ref": null,
          "rendered": Array [
            Object {
              "instance": null,
              "key": undefined,
              "nodeType": "function",
              "props": Object {
                "children": "Book-A-Meal | Home ",
                "href": "/",
                "tag": "a",
              },
              "ref": null,
              "rendered": "Book-A-Meal | Home ",
              "type": [Function],
            },
            Object {
              "instance": null,
              "key": undefined,
              "nodeType": "function",
              "props": Object {
                "onClick": [Function],
                "tag": "button",
                "type": "button",
              },
              "ref": null,
              "rendered": null,
              "type": [Function],
            },
            Object {
              "instance": null,
              "key": undefined,
              "nodeType": "class",
              "props": Object {
                "appear": false,
                "children": <Nav
                  className="ml-auto"
                  navbar={true}
                  tag="ul"
                  vertical={false}
>
                  <NavLink
                                    activeStyle={
                                                      Object {
                                                                        "backgroundColor": "white",
                                                                        "color": "slategasy",
                                                                      }
                                    }
                                    href="/getMeals"
                                    tag="a"
                  >
                                    Meals
                  </NavLink>
                  <NavLink
                                    activeStyle={
                                                      Object {
                                                                        "backgroundColor": "white",
                                                                        "color": "slategasy",
                                                                      }
                                    }
                                    href="/adminMenu"
                                    tag="a"
                  >
                                    Menu
                  </NavLink>
                  <NavLink
                                    activeStyle={
                                                      Object {
                                                                        "backgroundColor": "white",
                                                                        "color": "slategasy",
                                                                      }
                                    }
                                    href="/adminOrders"
                                    tag="a"
                  >
                                    Orders
                  </NavLink>
                  <NavLink
                                    activeStyle={
                                                      Object {
                                                                        "backgroundColor": "white",
                                                                        "color": "slategasy",
                                                                      }
                                    }
                                    href="/adminlogin"
                                    tag="a"
                  >
                                    Logout
                  </NavLink>
</Nav>,
                "enter": true,
                "exit": true,
                "in": false,
                "isOpen": false,
                "mountOnEnter": false,
                "navbar": true,
                "onEnter": [Function],
                "onEntered": [Function],
                "onEntering": [Function],
                "onExit": [Function],
                "onExited": [Function],
                "onExiting": [Function],
                "tag": "div",
                "timeout": 350,
                "unmountOnExit": false,
              },
              "ref": null,
              "rendered": Object {
                "instance": null,
                "key": undefined,
                "nodeType": "function",
                "props": Object {
                  "children": Array [
                    <NavLink
                      activeStyle={
                                            Object {
                                                                  "backgroundColor": "white",
                                                                  "color": "slategasy",
                                                                }
                      }
                      href="/getMeals"
                      tag="a"
>
                      Meals
</NavLink>,
                    <NavLink
                      activeStyle={
                                            Object {
                                                                  "backgroundColor": "white",
                                                                  "color": "slategasy",
                                                                }
                      }
                      href="/adminMenu"
                      tag="a"
>
                      Menu
</NavLink>,
                    <NavLink
                      activeStyle={
                                            Object {
                                                                  "backgroundColor": "white",
                                                                  "color": "slategasy",
                                                                }
                      }
                      href="/adminOrders"
                      tag="a"
>
                      Orders
</NavLink>,
                    <NavLink
                      activeStyle={
                                            Object {
                                                                  "backgroundColor": "white",
                                                                  "color": "slategasy",
                                                                }
                      }
                      href="/adminlogin"
                      tag="a"
>
                      Logout
</NavLink>,
                  ],
                  "className": "ml-auto",
                  "navbar": true,
                  "tag": "ul",
                  "vertical": false,
                },
                "ref": null,
                "rendered": Array [
                  Object {
                    "instance": null,
                    "key": undefined,
                    "nodeType": "class",
                    "props": Object {
                      "activeStyle": Object {
                        "backgroundColor": "white",
                        "color": "slategasy",
                      },
                      "children": "Meals",
                      "href": "/getMeals",
                      "tag": "a",
                    },
                    "ref": null,
                    "rendered": "Meals",
                    "type": [Function],
                  },
                  Object {
                    "instance": null,
                    "key": undefined,
                    "nodeType": "class",
                    "props": Object {
                      "activeStyle": Object {
                        "backgroundColor": "white",
                        "color": "slategasy",
                      },
                      "children": "Menu",
                      "href": "/adminMenu",
                      "tag": "a",
                    },
                    "ref": null,
                    "rendered": "Menu",
                    "type": [Function],
                  },
                  Object {
                    "instance": null,
                    "key": undefined,
                    "nodeType": "class",
                    "props": Object {
                      "activeStyle": Object {
                        "backgroundColor": "white",
                        "color": "slategasy",
                      },
                      "children": "Orders",
                      "href": "/adminOrders",
                      "tag": "a",
                    },
                    "ref": null,
                    "rendered": "Orders",
                    "type": [Function],
                  },
                  Object {
                    "instance": null,
                    "key": undefined,
                    "nodeType": "class",
                    "props": Object {
                      "activeStyle": Object {
                        "backgroundColor": "white",
                        "color": "slategasy",
                      },
                      "children": "Logout",
                      "href": "/adminlogin",
                      "tag": "a",
                    },
                    "ref": null,
                    "rendered": "Logout",
                    "type": [Function],
                  },
                ],
                "type": [Function],
              },
              "type": [Function],
            },
          ],
          "type": [Function],
        },
        Object {
          "instance": null,
          "key": undefined,
          "nodeType": "host",
          "props": Object {
            "children": <h2
              class="text-white"
>
              No orders yet
</h2>,
          },
          "ref": null,
          "rendered": Object {
            "instance": null,
            "key": undefined,
            "nodeType": "host",
            "props": Object {
              "children": "No orders yet",
              "class": "text-white",
            },
            "ref": null,
            "rendered": "No orders yet",
            "type": "h2",
          },
          "type": "div",
        },
      ],
      "type": "div",
    },
  ],
  Symbol(enzyme.__options__): Object {
    "adapter": ReactSixteenAdapter {
      "options": Object {
        "enableComponentDidUpdateOnSetState": true,
        "lifecycles": Object {
          "componentDidUpdate": Object {
            "onSetState": true,
          },
          "getDerivedStateFromProps": true,
          "getSnapshotBeforeUpdate": true,
          "setState": Object {
            "skipsComponentDidUpdateOnNullish": true,
          },
        },
      },
    },
    "attachTo": undefined,
    "hydrateIn": undefined,
  },
}
`;
