// Jest Snapshot v1, https://goo.gl/fbAQLP

exports[`Create order component should render correctly 1`] = `
ShallowWrapper {
  Symbol(enzyme.__root__): [Circular],
  Symbol(enzyme.__unrendered__): <CreateOrder
    addOrderRequest={[Function]}
/>,
  Symbol(enzyme.__renderer__): Object {
    "batchedUpdates": [Function],
    "getNode": [Function],
    "render": [Function],
    "simulateError": [Function],
    "simulateEvent": [Function],
    "unmount": [Function],
  },
  Symbol(enzyme.__node__): Object {
    "instance": null,
    "key": undefined,
    "nodeType": "host",
    "props": Object {
      "children": Array [
        <_class
          options={Object {}}
/>,
        <div
          className="form-group"
>
          <label
                    className="control-label"
          >
                    Menu Id
          </label>
          <input
                    className="form-control"
                    name="cow"
                    onChange={[Function]}
                    type="number"
                    value={undefined}
          />
</div>,
        <div
          className="form-group"
>
          <button
                    className="btn btn-primary btn-success btn-sm"
          >
                    Create Order
          </button>
</div>,
      ],
      "onSubmit": [Function],
    },
    "ref": null,
    "rendered": Array [
      Object {
        "instance": null,
        "key": undefined,
        "nodeType": "class",
        "props": Object {
          "options": Object {},
        },
        "ref": null,
        "rendered": null,
        "type": [Function],
      },
      Object {
        "instance": null,
        "key": undefined,
        "nodeType": "host",
        "props": Object {
          "children": Array [
            <label
              className="control-label"
>
              Menu Id
</label>,
            <input
              className="form-control"
              name="cow"
              onChange={[Function]}
              type="number"
              value={undefined}
/>,
          ],
          "className": "form-group",
        },
        "ref": null,
        "rendered": Array [
          Object {
            "instance": null,
            "key": undefined,
            "nodeType": "host",
            "props": Object {
              "children": "Menu Id",
              "className": "control-label",
            },
            "ref": null,
            "rendered": "Menu Id",
            "type": "label",
          },
          Object {
            "instance": null,
            "key": undefined,
            "nodeType": "host",
            "props": Object {
              "className": "form-control",
              "name": "cow",
              "onChange": [Function],
              "type": "number",
              "value": undefined,
            },
            "ref": null,
            "rendered": null,
            "type": "input",
          },
        ],
        "type": "div",
      },
      Object {
        "instance": null,
        "key": undefined,
        "nodeType": "host",
        "props": Object {
          "children": <button
            className="btn btn-primary btn-success btn-sm"
>
            Create Order
</button>,
          "className": "form-group",
        },
        "ref": null,
        "rendered": Object {
          "instance": null,
          "key": undefined,
          "nodeType": "host",
          "props": Object {
            "children": "Create Order",
            "className": "btn btn-primary btn-success btn-sm",
          },
          "ref": null,
          "rendered": "Create Order",
          "type": "button",
        },
        "type": "div",
      },
    ],
    "type": "form",
  },
  Symbol(enzyme.__nodes__): Array [
    Object {
      "instance": null,
      "key": undefined,
      "nodeType": "host",
      "props": Object {
        "children": Array [
          <_class
            options={Object {}}
/>,
          <div
            className="form-group"
>
            <label
                        className="control-label"
            >
                        Menu Id
            </label>
            <input
                        className="form-control"
                        name="cow"
                        onChange={[Function]}
                        type="number"
                        value={undefined}
            />
</div>,
          <div
            className="form-group"
>
            <button
                        className="btn btn-primary btn-success btn-sm"
            >
                        Create Order
            </button>
</div>,
        ],
        "onSubmit": [Function],
      },
      "ref": null,
      "rendered": Array [
        Object {
          "instance": null,
          "key": undefined,
          "nodeType": "class",
          "props": Object {
            "options": Object {},
          },
          "ref": null,
          "rendered": null,
          "type": [Function],
        },
        Object {
          "instance": null,
          "key": undefined,
          "nodeType": "host",
          "props": Object {
            "children": Array [
              <label
                className="control-label"
>
                Menu Id
</label>,
              <input
                className="form-control"
                name="cow"
                onChange={[Function]}
                type="number"
                value={undefined}
/>,
            ],
            "className": "form-group",
          },
          "ref": null,
          "rendered": Array [
            Object {
              "instance": null,
              "key": undefined,
              "nodeType": "host",
              "props": Object {
                "children": "Menu Id",
                "className": "control-label",
              },
              "ref": null,
              "rendered": "Menu Id",
              "type": "label",
            },
            Object {
              "instance": null,
              "key": undefined,
              "nodeType": "host",
              "props": Object {
                "className": "form-control",
                "name": "cow",
                "onChange": [Function],
                "type": "number",
                "value": undefined,
              },
              "ref": null,
              "rendered": null,
              "type": "input",
            },
          ],
          "type": "div",
        },
        Object {
          "instance": null,
          "key": undefined,
          "nodeType": "host",
          "props": Object {
            "children": <button
              className="btn btn-primary btn-success btn-sm"
>
              Create Order
</button>,
            "className": "form-group",
          },
          "ref": null,
          "rendered": Object {
            "instance": null,
            "key": undefined,
            "nodeType": "host",
            "props": Object {
              "children": "Create Order",
              "className": "btn btn-primary btn-success btn-sm",
            },
            "ref": null,
            "rendered": "Create Order",
            "type": "button",
          },
          "type": "div",
        },
      ],
      "type": "form",
    },
  ],
  Symbol(enzyme.__options__): Object {
    "adapter": ReactSixteenAdapter {
      "options": Object {
        "enableComponentDidUpdateOnSetState": true,
        "lifecycles": Object {
          "componentDidUpdate": Object {
            "onSetState": true,
          },
          "getDerivedStateFromProps": true,
          "getSnapshotBeforeUpdate": true,
          "setState": Object {
            "skipsComponentDidUpdateOnNullish": true,
          },
        },
      },
    },
    "attachTo": undefined,
    "hydrateIn": undefined,
  },
}
`;
