// Jest Snapshot v1, https://goo.gl/fbAQLP

exports[`Not found component should render correctly 1`] = `
ShallowWrapper {
  Symbol(enzyme.__root__): [Circular],
  Symbol(enzyme.__unrendered__): <Whoops404
    location={
        Object {
            "pathname": "",
          }
    }
/>,
  Symbol(enzyme.__renderer__): Object {
    "batchedUpdates": [Function],
    "getNode": [Function],
    "render": [Function],
    "simulateError": [Function],
    "simulateEvent": [Function],
    "unmount": [Function],
  },
  Symbol(enzyme.__node__): Object {
    "instance": null,
    "key": undefined,
    "nodeType": "host",
    "props": Object {
      "children": <h1>
        Resource not found at'
        
        '
</h1>,
      "className": "whoops-404",
    },
    "ref": null,
    "rendered": Object {
      "instance": null,
      "key": undefined,
      "nodeType": "host",
      "props": Object {
        "children": Array [
          "Resource not found at'",
          "",
          "'",
        ],
      },
      "ref": null,
      "rendered": Array [
        "Resource not found at'",
        "",
        "'",
      ],
      "type": "h1",
    },
    "type": "div",
  },
  Symbol(enzyme.__nodes__): Array [
    Object {
      "instance": null,
      "key": undefined,
      "nodeType": "host",
      "props": Object {
        "children": <h1>
          Resource not found at'
          
          '
</h1>,
        "className": "whoops-404",
      },
      "ref": null,
      "rendered": Object {
        "instance": null,
        "key": undefined,
        "nodeType": "host",
        "props": Object {
          "children": Array [
            "Resource not found at'",
            "",
            "'",
          ],
        },
        "ref": null,
        "rendered": Array [
          "Resource not found at'",
          "",
          "'",
        ],
        "type": "h1",
      },
      "type": "div",
    },
  ],
  Symbol(enzyme.__options__): Object {
    "adapter": ReactSixteenAdapter {
      "options": Object {
        "enableComponentDidUpdateOnSetState": true,
        "lifecycles": Object {
          "componentDidUpdate": Object {
            "onSetState": true,
          },
          "getDerivedStateFromProps": true,
          "getSnapshotBeforeUpdate": true,
          "setState": Object {
            "skipsComponentDidUpdateOnNullish": true,
          },
        },
      },
    },
    "attachTo": undefined,
    "hydrateIn": undefined,
  },
}
`;
